<html>
<body>
<pre>
<h1>µVision Build Log</h1>
<h2>Tool Versions:</h2>
IDE-Version: µVision V5.38.0.0
Copyright (C) 2022 ARM Ltd and ARM Germany GmbH. All rights reserved.
License Information: Muhammad Zaman, UofR, LIC=----
 
Tool Versions:
Toolchain:       MDK-Lite  Version: 5.38.0.0
Toolchain Path:  C:\Keil_v5\ARM\ARMCLANG\Bin
C Compiler:      ArmClang.exe V6.19
Assembler:       Armasm.exe V6.19
Linker/Locator:  ArmLink.exe V6.19
Library Manager: ArmAr.exe V6.19
Hex Converter:   FromElf.exe V6.19
CPU DLL:         SARMCM3.DLL V5.38.0.0
Dialog DLL:      DCM.DLL V1.17.5.0
Target DLL:      STLink\ST-LINKIII-KEIL_SWO.dll V3.1.0.0
Dialog DLL:      TCM.DLL V1.56.4.0
 
<h2>Project:</h2>
C:\Users\Admin\Desktop\School\Y3\ENSE 352\Battleship\Battleship.uvprojx
Project File Date:  12/05/2022

<h2>Output:</h2>
*** Using Compiler 'V6.19', folder: 'C:\Keil_v5\ARM\ARMCLANG\Bin'
Build target 'Target 1'
src/battleship.c(2): warning: In file included from...
C:/Users/Admin/AppData/Local/Arm/Packs/Keil/STM32F1xx_DFP/2.4.0/Device/Include\stm32f10x.h(18): warning: invalid UTF-8 in comment [-Winvalid-utf8]
  *              - To use or not the peripheral<92>s drivers in application code(i.e. 
                                               ^
C:/Users/Admin/AppData/Local/Arm/Packs/Keil/STM32F1xx_DFP/2.4.0/Device/Include\stm32f10x.h(19): warning: invalid UTF-8 in comment [-Winvalid-utf8]
  *                code will be based on direct access to peripheral<92>s registers 
                                                                    ^
C:/Users/Admin/AppData/Local/Arm/Packs/Keil/STM32F1xx_DFP/2.4.0/Device/Include\stm32f10x.h(26): warning: invalid UTF-8 in comment [-Winvalid-utf8]
  *           - Macros to access peripheral<92>s registers hardware
                                           ^
src/battleship.c(1): warning: In file included from...
src/../include/battleship.h(11): warning: padding struct 'struct Vessel' with 3 bytes to align 'length' [-Wpadded]
        unsigned int length;
                     ^
src/../include/battleship.h(8): warning: padding size of 'struct Vessel' with 3 bytes to alignment boundary [-Wpadded]
struct Vessel {
       ^
src/battleship.c(17): warning: a function declaration without a prototype is deprecated in all versions of C [-Wstrict-prototypes]
int main()
        ^
         void
src/battleship.c(234): warning: a function declaration without a prototype is deprecated in all versions of C [-Wstrict-prototypes]
void powerPeripherals()
                     ^
                      void
src/battleship.c(240): warning: a function declaration without a prototype is deprecated in all versions of C [-Wstrict-prototypes]
void configureIO()
                ^
                 void
src/battleship.c(271): warning: a function declaration without a prototype is deprecated in all versions of C [-Wstrict-prototypes]
int turnOnLED() //turning on 7 Seg
             ^
              void
src/battleship.c(452): warning: a function declaration without a prototype is deprecated in all versions of C [-Wstrict-prototypes]
bool blueSwitchOn()     //enabling blue switch functionality 
                 ^
                  void
src/battleship.c(462): warning: a function declaration without a prototype is deprecated in all versions of C [-Wstrict-prototypes]
bool switch1On()        //enabling switch 1 functionality 
              ^
               void
src/battleship.c(472): warning: a function declaration without a prototype is deprecated in all versions of C [-Wstrict-prototypes]
bool switch2On()        //enabling switch 2 functionality
              ^
               void
src/battleship.c(483): warning: a function declaration without a prototype is deprecated in all versions of C [-Wstrict-prototypes]
bool switch3On()        //enabling switch 3 functionality
              ^
               void
src/battleship.c(494): warning: a function declaration without a prototype is deprecated in all versions of C [-Wstrict-prototypes]
bool switch4On()        //enabling switch 4 functionality
              ^
               void
src/battleship.c(506): warning: a function declaration without a prototype is deprecated in all versions of C [-Wstrict-prototypes]
void delay()
          ^
           void
src/battleship.c(594): warning: no newline at end of file [-Wnewline-eof]
}
 ^
16 warnings generated.
compiling battleship.c...
linking...
Program Size: Code=4848 RO-data=252 RW-data=0 ZI-data=2016  
".\Objects\Battleship.axf" - 0 Error(s), 16 Warning(s).

<h2>Software Packages used:</h2>

Package Vendor: ARM
                http://www.keil.com/pack/ARM.CMSIS.5.9.0.pack
                ARM.CMSIS.5.9.0
                CMSIS (Common Microcontroller Software Interface Standard)
   * Component: CORE Version: 5.6.0

Package Vendor: Keil
                http://www.keil.com/pack/Keil.STM32F1xx_DFP.2.4.0.pack
                Keil.STM32F1xx_DFP.2.4.0
                STMicroelectronics STM32F1 Series Device Support, Drivers and Examples
   * Component: Startup Version: 1.0.0

<h2>Collection of Component include folders:</h2>
  ./RTE/Device/STM32F103RB
  ./RTE/_Target_1
  C:/Users/Admin/AppData/Local/Arm/Packs/ARM/CMSIS/5.9.0/CMSIS/Core/Include
  C:/Users/Admin/AppData/Local/Arm/Packs/Keil/STM32F1xx_DFP/2.4.0/Device/Include

<h2>Collection of Component Files used:</h2>

   * Component: ARM::CMSIS:CORE:5.6.0

   * Component: Keil::Device:Startup:1.0.0
      Source file:   Device/Source/system_stm32f10x.c
      Source file:   Device/Source/ARM/startup_stm32f10x_md.s
      Include file:  RTE_Driver/Config/RTE_Device.h
      Source file:   Device/Source/ARM/STM32F1xx_OPT.s
Build Time Elapsed:  00:00:01
</pre>
</body>
</html>
